RAM Allocation [bytes]
Variable                                                                          Address   Size
------------------------------------------------------------------------------------------------
ir_sensor                                                                         0x0500      24
sen                                                                               0x0518      24
ir_max_min_calibrate                                                              0x0530      48
last_error                                                                        0x0560       2
_base_y                                                                           0x0562       4
_seed                                                                             0x0566       4

EEPROM Allocation [bytes]
Variable                                                                          Address   Size
------------------------------------------------------------------------------------------------

Register Allocation
Variable                                                                          Register  Size
------------------------------------------------------------------------------------------------
counter_speed                                                                     R4,R5        2
MAX_STRAIGHT                                                                      R6,R7        2
MAX_TURN                                                                          R8,R9        2
_lcd_x                                                                            R11          1
_lcd_y                                                                            R10          1
_lcd_maxx                                                                         R13          1

FLASH Allocation [words]
Function                                                                          Address   Size
------------------------------------------------------------------------------------------------
read_adc                                                                          0x0008E     14
main                                                                              0x0009C    109
init                                                                              0x00109      3
ReadMp                                                                            0x00132    106
Back                                                                              0x0019C     13
Right                                                                             0x001A9     11
Go                                                                                0x001BD     15
Move                                                                              0x001CC    117
controller                                                                        0x00241    391
digitalize                                                                        0x003C8     33
_lcd_write_nibble_G100                                                            0x003E9     20
_lcd_write_data                                                                   0x003FD     12
lcd_clear                                                                         0x00409     12
lcd_init                                                                          0x00415     46
